Hello, Day 2 Agent!